// Jest Snapshot v1, https://goo.gl/fbAQLP

exports[`tournament reducers nextRound should generate next round pairings with bye 1`] = `
Object {
  "matchResults": Array [],
  "pairings": Array [
    Array [
      "4",
      "3",
    ],
    Array [
      "0",
      "2",
    ],
    Array [
      "1",
    ],
  ],
  "players": Array [
    Object {
      "id": "0",
      "matchPoints": 3,
      "matches": Array [
        Object {
          "opponentId": "1",
          "result": "win",
        },
      ],
      "name": "Player 0",
      "record": Object {
        "losses": 0,
        "ties": 0,
        "wins": 1,
      },
    },
    Object {
      "id": "1",
      "matchPoints": 0,
      "matches": Array [
        Object {
          "opponentId": "0",
          "result": "loss",
        },
      ],
      "name": "Player 1",
      "record": Object {
        "losses": 1,
        "ties": 0,
        "wins": 0,
      },
    },
    Object {
      "id": "2",
      "matchPoints": 3,
      "matches": Array [
        Object {
          "opponentId": "3",
          "result": "win",
        },
      ],
      "name": "Player 2",
      "record": Object {
        "losses": 0,
        "ties": 0,
        "wins": 1,
      },
    },
    Object {
      "id": "3",
      "matchPoints": 0,
      "matches": Array [
        Object {
          "opponentId": "2",
          "result": "loss",
        },
      ],
      "name": "Player 3",
      "record": Object {
        "losses": 1,
        "ties": 0,
        "wins": 0,
      },
    },
    Object {
      "id": "4",
      "matchPoints": 3,
      "matches": Array [
        Object {
          "opponentId": undefined,
          "result": "win",
        },
      ],
      "name": "Player 4",
      "record": Object {
        "losses": 0,
        "ties": 0,
        "wins": 1,
      },
    },
  ],
  "round": 2,
}
`;
